qt.core.plugin.factoryloader: checking directory path "C:/Users/yurto/Documents/GitHub/Sliper_QML_C++/build/platforms" ...
qt.core.plugin.factoryloader: looking at "C:/Users/yurto/Documents/GitHub/Sliper_QML_C++/build/platforms/qwindows.dll"
qt.core.plugin.loader: Found metadata in lib C:/Users/yurto/Documents/GitHub/Sliper_QML_C++/build/platforms/qwindows.dll, metadata=
{
    "IID": "org.qt-project.Qt.QPA.QPlatformIntegrationFactoryInterface.5.3",
    "MetaData": {
        "Keys": [
            "windows"
        ]
    },
    "archlevel": 2,
    "className": "QWindowsIntegrationPlugin",
    "debug": false,
    "version": 395008
}


qt.core.plugin.factoryloader: Got keys from plugin meta data QList("windows")
qt.core.library: "C:/Users/yurto/Documents/GitHub/Sliper_QML_C++/build/platforms/qwindows.dll" loaded library
qt.core.plugin.factoryloader: checking directory path "C:/Users/yurto/Documents/GitHub/Sliper_QML_C++/build/platformthemes" ...
qt.core.plugin.loader: Found metadata in lib C:/Users/yurto/Documents/GitHub/Sliper_QML_C++/build/qml/QtQuick/qtquick2plugin.dll, metadata=
{
    "IID": "org.qt-project.Qt.QQmlExtensionInterface/1.0",
    "archlevel": 2,
    "className": "QtQuick2Plugin",
    "debug": false,
    "uri": [
        "QtQuick"
    ],
    "version": 395008
}


qt.core.library: "C:/Users/yurto/Documents/GitHub/Sliper_QML_C++/build/qml/QtQuick/qtquick2plugin.dll" loaded library
qt.core.plugin.loader: Found metadata in lib C:/Users/yurto/Documents/GitHub/Sliper_QML_C++/build/qml/QtQml/WorkerScript/workerscriptplugin.dll, metadata=
{
    "IID": "org.qt-project.Qt.QQmlEngineExtensionInterface",
    "archlevel": 2,
    "className": "QtQmlWorkerScriptPlugin",
    "debug": false,
    "uri": [
        "QtQml.WorkerScript"
    ],
    "version": 395008
}


qt.core.library: "C:/Users/yurto/Documents/GitHub/Sliper_QML_C++/build/qml/QtQml/WorkerScript/workerscriptplugin.dll" loaded library
qt.core.plugin.loader: Found metadata in lib C:/Users/yurto/Documents/GitHub/Sliper_QML_C++/build/qml/QtQuick/Controls/qtquickcontrols2plugin.dll, metadata=
{
    "IID": "org.qt-project.Qt.QQmlExtensionInterface/1.0",
    "archlevel": 2,
    "className": "QtQuickControls2Plugin",
    "debug": false,
    "uri": [
        "QtQuick.Controls"
    ],
    "version": 395008
}


qt.core.library: "C:/Users/yurto/Documents/GitHub/Sliper_QML_C++/build/qml/QtQuick/Controls/qtquickcontrols2plugin.dll" loaded library
qt.core.plugin.loader: Found metadata in lib C:/Users/yurto/Documents/GitHub/Sliper_QML_C++/build/qml/QtQuick/Controls/Basic/qtquickcontrols2basicstyleplugin.dll, metadata=
{
    "IID": "org.qt-project.Qt.QQmlExtensionInterface/1.0",
    "archlevel": 2,
    "className": "QtQuickControls2BasicStylePlugin",
    "debug": false,
    "uri": [
        "QtQuick.Controls.Basic"
    ],
    "version": 395008
}


qt.core.library: "C:/Users/yurto/Documents/GitHub/Sliper_QML_C++/build/qml/QtQuick/Controls/Basic/qtquickcontrols2basicstyleplugin.dll" loaded library
qt.core.plugin.loader: Found metadata in lib C:/Users/yurto/Documents/GitHub/Sliper_QML_C++/build/qml/QtQuick/Controls/impl/qtquickcontrols2implplugin.dll, metadata=
{
    "IID": "org.qt-project.Qt.QQmlEngineExtensionInterface",
    "archlevel": 2,
    "className": "QtQuickControls2ImplPlugin",
    "debug": false,
    "uri": [
        "QtQuick.Controls.impl"
    ],
    "version": 395008
}


qt.core.library: "C:/Users/yurto/Documents/GitHub/Sliper_QML_C++/build/qml/QtQuick/Controls/impl/qtquickcontrols2implplugin.dll" loaded library
qt.core.plugin.loader: Found metadata in lib C:/Users/yurto/Documents/GitHub/Sliper_QML_C++/build/qml/QtQuick/Window/quickwindowplugin.dll, metadata=
{
    "IID": "org.qt-project.Qt.QQmlEngineExtensionInterface",
    "archlevel": 2,
    "className": "QtQuick_WindowPlugin",
    "debug": false,
    "uri": [
        "QtQuick.Window"
    ],
    "version": 395008
}


qt.core.library: "C:/Users/yurto/Documents/GitHub/Sliper_QML_C++/build/qml/QtQuick/Window/quickwindowplugin.dll" loaded library
qt.core.plugin.loader: Found metadata in lib C:/Users/yurto/Documents/GitHub/Sliper_QML_C++/build/qml/QtQuick/Layouts/qquicklayoutsplugin.dll, metadata=
{
    "IID": "org.qt-project.Qt.QQmlEngineExtensionInterface",
    "archlevel": 2,
    "className": "QtQuickLayoutsPlugin",
    "debug": false,
    "uri": [
        "QtQuick.Layouts"
    ],
    "version": 395008
}


qt.core.library: "C:/Users/yurto/Documents/GitHub/Sliper_QML_C++/build/qml/QtQuick/Layouts/qquicklayoutsplugin.dll" loaded library
qt.core.plugin.loader: Found metadata in lib C:/Users/yurto/Documents/GitHub/Sliper_QML_C++/build/qml/QtQuick/Templates/qtquicktemplates2plugin.dll, metadata=
{
    "IID": "org.qt-project.Qt.QQmlExtensionInterface/1.0",
    "archlevel": 2,
    "className": "QtQuickTemplates2Plugin",
    "debug": false,
    "uri": [
        "QtQuick.Templates"
    ],
    "version": 395008
}


qt.core.library: "C:/Users/yurto/Documents/GitHub/Sliper_QML_C++/build/qml/QtQuick/Templates/qtquicktemplates2plugin.dll" loaded library
qt.core.plugin.loader: Found metadata in lib C:/Users/yurto/Documents/GitHub/Sliper_QML_C++/build/qml/QtCharts/qtchartsqml2plugin.dll, metadata=
{
    "IID": "org.qt-project.Qt.QQmlEngineExtensionInterface",
    "archlevel": 2,
    "className": "QtChartsQml2Plugin",
    "debug": false,
    "uri": [
        "QtCharts"
    ],
    "version": 395008
}


qt.core.library: "C:/Users/yurto/Documents/GitHub/Sliper_QML_C++/build/qml/QtCharts/qtchartsqml2plugin.dll" loaded library
